
> clinic-ui@0.0.0 build
> vite build

[36mvite v8.0.8 [32mbuilding client environment for production...[36m[39m
[2K
transforming...Γ£ô 116 modules transformed.
node.exe : [31mΓ£ù[39m Build failed in 707ms
At line:1 char:1
+ & "C:\Program Files\nodejs/node.exe" "C:\Program Files\nodejs/node_mo ...
+ ~~~~~~~~~~~~~~~~~~~~~~~~~~~~~~~~~~~~~~~~~~~~~~~~~~~~~~~~~~~~~~~~~~~~~
    + CategoryInfo          : NotSpecified: ([31mΓ£ù[39m Build failed in 707ms:String) [], RemoteException
    + FullyQualifiedErrorId : NativeCommandError
 
[31merror during build:
[31mBuild failed with 15 errors:

[31m[UNRESOLVED_IMPORT] Error:[0m Could not resolve './hooks/useServicesList' in 
src/modules/services/pages/ServicesPage.jsx
   [38;5;246mΓò¡[0m[38;5;246mΓöÇ[0m[38;5;246m[[0m src/modules/services/pages/ServicesPage.jsx:2:33 
[38;5;246m][0m
   [38;5;246mΓöé[0m
 [38;5;246m2 Γöé[0m 
[38;5;249mi[0m[38;5;249mm[0m[38;5;249mp[0m[38;5;249mo[0m[38;5;249mr[0m[38;5;249mt[0m[38;5;249m 
[0m[38;5;249m{[0m[38;5;249m [0m[38;5;249mu[0m[38;5;249ms[0m[38;5;249me[0m[38;5;249mS[0m[38;5;249me[0m[3
8;5;249mr[0m[38;5;249mv[0m[38;5;249mi[0m[38;5;249mc[0m[38;5;249me[0m[38;5;249ms[0m[38;5;249mL[0m[38;5;249
mi[0m[38;5;249ms[0m[38;5;249mt[0m[38;5;249m [0m[38;5;249m}[0m[38;5;249m 
[0m[38;5;249mf[0m[38;5;249mr[0m[38;5;249mo[0m[38;5;249mm[0m[38;5;249m 
[0m"./hooks/useServicesList"[38;5;249m;[0m
 [38;5;240m  Γöé[0m                                 
ΓöÇΓöÇΓöÇΓöÇΓöÇΓöÇΓöÇΓöÇΓöÇΓöÇΓöÇΓöÇΓö¼ΓöÇΓöÇΓöÇΓöÇΓöÇΓöÇΓöÇΓöÇΓöÇΓöÇΓöÇΓöÇ  
 [38;5;240m  Γöé[0m                                             Γò░ΓöÇΓöÇΓöÇΓöÇΓöÇΓöÇΓöÇΓöÇΓöÇΓöÇΓöÇΓöÇΓöÇΓöÇ Module 
not found.
 [38;5;240m  Γöé[0m 
 [38;5;240m  Γöé[0m [38;5;115mHelp[0m: 'src/modules/services/pages/ServicesPage.jsx' is imported by the following 
path:
 [38;5;240m  Γöé[0m         - src/modules/services/pages/ServicesPage.jsx
 [38;5;240m  Γöé[0m         - src/app/router.jsx
 [38;5;240m  Γöé[0m         - src/App.jsx
 [38;5;240m  Γöé[0m         - src/main.jsx
 [38;5;240m  Γöé[0m         - index.html
[38;5;246mΓöÇΓöÇΓöÇΓò»[0m

[31m[UNRESOLVED_IMPORT] Error:[0m Could not resolve './components/ServicesFilterBar' in 
src/modules/services/pages/ServicesPage.jsx
   [38;5;246mΓò¡[0m[38;5;246mΓöÇ[0m[38;5;246m[[0m src/modules/services/pages/ServicesPage.jsx:3:31 
[38;5;246m][0m
   [38;5;246mΓöé[0m
 [38;5;246m3 Γöé[0m 
[38;5;249mi[0m[38;5;249mm[0m[38;5;249mp[0m[38;5;249mo[0m[38;5;249mr[0m[38;5;249mt[0m[38;5;249m [0m[38;5;
249mS[0m[38;5;249me[0m[38;5;249mr[0m[38;5;249mv[0m[38;5;249mi[0m[38;5;249mc[0m[38;5;249me[0m[38;5;249ms[
0m[38;5;249mF[0m[38;5;249mi[0m[38;5;249ml[0m[38;5;249mt[0m[38;5;249me[0m[38;5;249mr[0m[38;5;249mB[0m[38;
5;249ma[0m[38;5;249mr[0m[38;5;249m [0m[38;5;249mf[0m[38;5;249mr[0m[38;5;249mo[0m[38;5;249mm[0m[38;5;249m 
[0m"./components/ServicesFilterBar"[38;5;249m;[0m
 [38;5;240m  Γöé[0m                               
ΓöÇΓöÇΓöÇΓöÇΓöÇΓöÇΓöÇΓöÇΓöÇΓöÇΓöÇΓöÇΓöÇΓöÇΓöÇΓöÇΓö¼ΓöÇΓöÇΓöÇΓöÇΓöÇΓöÇΓöÇΓöÇΓöÇΓöÇΓöÇΓöÇΓöÇΓöÇΓöÇ  
 [38;5;240m  Γöé[0m                                               
Γò░ΓöÇΓöÇΓöÇΓöÇΓöÇΓöÇΓöÇΓöÇΓöÇΓöÇΓöÇΓöÇΓöÇΓöÇΓöÇΓöÇΓöÇ Module not found.
 [38;5;240m  Γöé[0m 
 [38;5;240m  Γöé[0m [38;5;115mHelp[0m: 'src/modules/services/pages/ServicesPage.jsx' is imported by the following 
path:
 [38;5;240m  Γöé[0m         - src/modules/services/pages/ServicesPage.jsx
 [38;5;240m  Γöé[0m         - src/app/router.jsx
 [38;5;240m  Γöé[0m         - src/App.jsx
 [38;5;240m  Γöé[0m         - src/main.jsx
 [38;5;240m  Γöé[0m         - index.html
[38;5;246mΓöÇΓöÇΓöÇΓò»[0m

[31m[UNRESOLVED_IMPORT] Error:[0m Could not resolve './components/ServicesTable' in 
src/modules/services/pages/ServicesPage.jsx
   [38;5;246mΓò¡[0m[38;5;246mΓöÇ[0m[38;5;246m[[0m src/modules/services/pages/ServicesPage.jsx:4:27 
[38;5;246m][0m
   [38;5;246mΓöé[0m
 [38;5;246m4 Γöé[0m 
[38;5;249mi[0m[38;5;249mm[0m[38;5;249mp[0m[38;5;249mo[0m[38;5;249mr[0m[38;5;249mt[0m[38;5;249m [0m[38;5;
249mS[0m[38;5;249me[0m[38;5;249mr[0m[38;5;249mv[0m[38;5;249mi[0m[38;5;249mc[0m[38;5;249me[0m[38;5;249ms[
0m[38;5;249mT[0m[38;5;249ma[0m[38;5;249mb[0m[38;5;249ml[0m[38;5;249me[0m[38;5;249m 
[0m[38;5;249mf[0m[38;5;249mr[0m[38;5;249mo[0m[38;5;249mm[0m[38;5;249m 
[0m"./components/ServicesTable"[38;5;249m;[0m
 [38;5;240m  Γöé[0m                           
ΓöÇΓöÇΓöÇΓöÇΓöÇΓöÇΓöÇΓöÇΓöÇΓöÇΓöÇΓöÇΓöÇΓöÇΓö¼ΓöÇΓöÇΓöÇΓöÇΓöÇΓöÇΓöÇΓöÇΓöÇΓöÇΓöÇΓöÇΓöÇ  
 [38;5;240m  Γöé[0m                                         Γò░ΓöÇΓöÇΓöÇΓöÇΓöÇΓöÇΓöÇΓöÇΓöÇΓöÇΓöÇΓöÇΓöÇΓöÇΓöÇ Module 
not found.
 [38;5;240m  Γöé[0m 
 [38;5;240m  Γöé[0m [38;5;115mHelp[0m: 'src/modules/services/pages/ServicesPage.jsx' is imported by the following 
path:
 [38;5;240m  Γöé[0m         - src/modules/services/pages/ServicesPage.jsx
 [38;5;240m  Γöé[0m         - src/app/router.jsx
 [38;5;240m  Γöé[0m         - src/App.jsx
 [38;5;240m  Γöé[0m         - src/main.jsx
 [38;5;240m  Γöé[0m         - index.html
[38;5;246mΓöÇΓöÇΓöÇΓò»[0m

[31m[UNRESOLVED_IMPORT] Error:[0m Could not resolve './components/ServiceFormModal' in 
src/modules/services/pages/ServicesPage.jsx
   [38;5;246mΓò¡[0m[38;5;246mΓöÇ[0m[38;5;246m[[0m src/modules/services/pages/ServicesPage.jsx:5:30 
[38;5;246m][0m
   [38;5;246mΓöé[0m
 [38;5;246m5 Γöé[0m 
[38;5;249mi[0m[38;5;249mm[0m[38;5;249mp[0m[38;5;249mo[0m[38;5;249mr[0m[38;5;249mt[0m[38;5;249m [0m[38;5;
249mS[0m[38;5;249me[0m[38;5;249mr[0m[38;5;249mv[0m[38;5;249mi[0m[38;5;249mc[0m[38;5;249me[0m[38;5;249mF[
0m[38;5;249mo[0m[38;5;249mr[0m[38;5;249mm[0m[38;5;249mM[0m[38;5;249mo[0m[38;5;249md[0m[38;5;249ma[0m[38;
5;249ml[0m[38;5;249m [0m[38;5;249mf[0m[38;5;249mr[0m[38;5;249mo[0m[38;5;249mm[0m[38;5;249m 
[0m"./components/ServiceFormModal"[38;5;249m;[0m
 [38;5;240m  Γöé[0m                              
ΓöÇΓöÇΓöÇΓöÇΓöÇΓöÇΓöÇΓöÇΓöÇΓöÇΓöÇΓöÇΓöÇΓöÇΓöÇΓö¼ΓöÇΓöÇΓöÇΓöÇΓöÇΓöÇΓöÇΓöÇΓöÇΓöÇΓöÇΓöÇΓöÇΓöÇΓöÇ  
 [38;5;240m  Γöé[0m                                             
Γò░ΓöÇΓöÇΓöÇΓöÇΓöÇΓöÇΓöÇΓöÇΓöÇΓöÇΓöÇΓöÇΓöÇΓöÇΓöÇΓöÇΓöÇ Module not found.
 [38;5;240m  Γöé[0m 
 [38;5;240m  Γöé[0m [38;5;115mHelp[0m: 'src/modules/services/pages/ServicesPage.jsx' is imported by the following 
path:
 [38;5;240m  Γöé[0m         - src/modules/services/pages/ServicesPage.jsx
 [38;5;240m  Γöé[0m         - src/app/router.jsx
 [38;5;240m  Γöé[0m         - src/App.jsx
 [38;5;240m  Γöé[0m         - src/main.jsx
 [38;5;240m  Γöé[0m         - index.html
[38;5;246mΓöÇΓöÇΓöÇΓò»[0m

[31m[UNRESOLVED_IMPORT] Error:[0m Could not resolve '../billingApi' in src/modules/billing/pages/BillHistoryPage.jsx
   [38;5;246mΓò¡[0m[38;5;246mΓöÇ[0m[38;5;246m[[0m src/modules/billing/pages/BillHistoryPage.jsx:8:29 
[38;5;246m][0m
   [38;5;246mΓöé[0m
 [38;5;246m8 Γöé[0m 
[38;5;249mi[0m[38;5;249mm[0m[38;5;249mp[0m[38;5;249mo[0m[38;5;249mr[0m[38;5;249mt[0m[38;5;249m 
[0m[38;5;249m*[0m[38;5;249m [0m[38;5;249ma[0m[38;5;249ms[0m[38;5;249m [0m[38;5;249mb[0m[38;5;249mi[0m[3
8;5;249ml[0m[38;5;249ml[0m[38;5;249mi[0m[38;5;249mn[0m[38;5;249mg[0m[38;5;249mA[0m[38;5;249mp[0m[38;5;249
mi[0m[38;5;249m [0m[38;5;249mf[0m[38;5;249mr[0m[38;5;249mo[0m[38;5;249mm[0m[38;5;249m 
[0m"../billingApi"[38;5;249m;[0m
 [38;5;240m  Γöé[0m                             ΓöÇΓöÇΓöÇΓöÇΓöÇΓöÇΓöÇΓö¼ΓöÇΓöÇΓöÇΓöÇΓöÇΓöÇΓöÇ  
 [38;5;240m  Γöé[0m                                    Γò░ΓöÇΓöÇΓöÇΓöÇΓöÇΓöÇΓöÇΓöÇΓöÇ Module not found.
 [38;5;240m  Γöé[0m 
 [38;5;240m  Γöé[0m [38;5;115mHelp[0m: 'src/modules/billing/pages/BillHistoryPage.jsx' is imported by the 
following path:
 [38;5;240m  Γöé[0m         - src/modules/billing/pages/BillHistoryPage.jsx
 [38;5;240m  Γöé[0m         - src/app/router.jsx
 [38;5;240m  Γöé[0m         - src/App.jsx
 [38;5;240m  Γöé[0m         - src/main.jsx
 [38;5;240m  Γöé[0m         - index.html
[38;5;246mΓöÇΓöÇΓöÇΓò»[0m

...[31m
    at aggregateBindingErrorsIntoJsError 
(file:///C:/Users/Deepan/clinic-ui/node_modules/rolldown/dist/shared/error-w0u7biK-.mjs:48:18)
    at unwrapBindingResult 
(file:///C:/Users/Deepan/clinic-ui/node_modules/rolldown/dist/shared/error-w0u7biK-.mjs:18:128)
    at #build (file:///C:/Users/Deepan/clinic-ui/node_modules/rolldown/dist/shared/rolldown-build-DtGk-m96.mjs:3313:34)
    at async buildEnvironment (file:///C:/Users/Deepan/clinic-ui/node_modules/vite/dist/node/chunks/node.js:32954:64)
    at async Object.build (file:///C:/Users/Deepan/clinic-ui/node_modules/vite/dist/node/chunks/node.js:33376:19)
    at async Object.buildApp (file:///C:/Users/Deepan/clinic-ui/node_modules/vite/dist/node/chunks/node.js:33373:153)
    at async CAC.<anonymous> (file:///C:/Users/Deepan/clinic-ui/node_modules/vite/dist/node/cli.js:778:3) {
  errors: [Getter/Setter]
}[39m
